../Core/Src/main.c:109:5:main	16	static
../Core/Src/main.c:212:6:SystemClock_Config	88	static
../Core/Src/main.c:267:13:MX_ADC1_Init	24	static
../Core/Src/main.c:374:13:MX_TIM2_Init	32	static
../Core/Src/main.c:419:13:MX_TIM3_Init	64	static
../Core/Src/main.c:482:13:MX_USART2_UART_Init	8	static
../Core/Src/main.c:515:13:MX_GPIO_Init	48	static
../Core/Src/main.c:583:6:led_state	16	static
../Core/Src/main.c:605:5:get_adc_pos	16	static
../Core/Src/main.c:620:6:pid_controller	16	static
../Core/Src/main.c:628:6:HAL_UART_TxCpltCallback	16	static
../Core/Src/main.c:638:6:past_errors	24	static
../Core/Src/main.c:645:5:error_sum	24	static
../Core/Src/main.c:653:6:HAL_UART_RxCpltCallback	16	static
../Core/Src/main.c:677:6:Error_Handler	4	static,ignoring_inline_asm
