../Core/Src/main.c:94:5:main	16	static
../Core/Src/main.c:183:6:SystemClock_Config	88	static
../Core/Src/main.c:238:13:MX_ADC1_Init	24	static
../Core/Src/main.c:345:13:MX_TIM2_Init	32	static
../Core/Src/main.c:390:13:MX_TIM3_Init	64	static
../Core/Src/main.c:453:13:MX_USART2_UART_Init	8	static
../Core/Src/main.c:486:13:MX_GPIO_Init	48	static
../Core/Src/main.c:554:6:led_state	16	static
../Core/Src/main.c:576:6:HAL_UART_TxCpltCallback	16	static
../Core/Src/main.c:593:6:Error_Handler	4	static,ignoring_inline_asm
